[dotenv@17.2.3] injecting env (2) from .env -- tip: ≡ƒöÉ encrypt with Dotenvx: https://dotenvx.com
Connected to DB
[
  {
    "_id": "69a644918dce80c2a1832d9d",
    "name": "abdul basith",
    "email": "adbulbasith@gmail.com",
    "password": "123456",
    "assignedPrograms": [
      "697b9456b1123283974927b9",
      "697b9472b1123283974927bd"
    ],
    "createdAt": "2026-03-03T02:16:49.724Z",
    "updatedAt": "2026-03-03T02:16:49.724Z",
    "__v": 0
  },
  {
    "_id": "699d64d7aaa3d7f103d61991",
    "name": "abdussalam hasani",
    "email": "asahasani043@gmail.com",
    "password": "123456",
    "assignedPrograms": [],
    "createdAt": "2026-02-24T08:44:07.118Z",
    "updatedAt": "2026-02-24T08:44:07.118Z",
    "__v": 0
  },
  {
    "_id": "6974b12498eb47fb4986e057",
    "name": "bilal",
    "email": "gedge@gmail.com",
    "password": "123456",
    "assignedPrograms": [
      "6974ae0cfcce11d153263bd4"
    ],
    "createdAt": "2026-01-24T11:46:44.095Z",
    "updatedAt": "2026-01-24T11:46:44.095Z",
    "__v": 0
  }
]
